ModuleID    ItemID      Content                                                                                                                                                                                                                                                          Version     StateID     IsPublished CreatedByUserID CreatedOnDate           LastModifiedByUserID LastModifiedOnDate
----------- ----------- ---------------------------------------------------------------------------------------------------------------------------------------------------------------------------------------------------------------------------------------------------------------- ----------- ----------- ----------- --------------- ----------------------- -------------------- -----------------------
585         269         &lt;br /&gt;
&lt;br /&gt;
First Video of the cube in action.&lt;br /&gt;
&lt;br /&gt;
&lt;a href=&quot;http://www.codestudiocreation.com/dotnetnuke/LinkClick.aspx?link=https%3a%2f%2fwww.youtube.com%2fwatch%3fv%3dg1rB__IMVPw&amp;amp;tabid=138&amp;amp;mi 1           1           1           4               2013-04-12 10:26:42.547 4                    2013-04-12 10:26:42.547
586         270         &lt;p style=&quot;margin: 0in; font-family: calibri; font-size: 11pt;&quot;&gt;This 3D cube is a group of lights connected together to form not just the shell of a cube but the inside as well. The lights are connected in such a way that each one can be tur 1           1           1           4               2013-04-13 12:05:12.960 4                    2013-04-13 12:05:12.960
587         271         &lt;p style=&quot;margin: 0in; font-family: calibri; font-size: 11pt;&quot;&gt;There are many different ways to design a 3D cube&amp;nbsp; but I chose a Column Layer method. Think of the cube in the form of eight horizontal layers. If the cube were a build 1           1           1           4               2013-04-13 12:08:37.460 4                    2013-04-13 12:08:37.460
587         272         &lt;p style=&quot;margin: 0in; font-family: calibri; font-size: 11pt;&quot;&gt;There are many different ways to design a 3D cube&amp;nbsp; but I chose a Column Layer method. Think of the cube in the form of eight horizontal layers. If the cube were a build 2           1           1           4               2013-04-13 12:09:59.867 4                    2013-04-13 12:09:59.867
590         277         &lt;img alt=&quot;&quot; src=&quot;/dotnetnuke/Portals/2/Images/3D%20Cube/CubeCurrentFlow.jpg&quot; width=&quot;351&quot; height=&quot;469&quot; /&gt;                                                                                                           1           1           1           4               2013-04-13 12:32:48.143 4                    2013-04-13 12:32:48.143
587         278         &lt;p style=&quot;margin: 0in; font-family: calibri; font-size: 11pt;&quot;&gt;There are many different ways to design a 3D cube&amp;nbsp; but I chose a Column Layer method. Think of the cube in the form of eight horizontal layers. If the cube were a build 3           1           1           4               2013-04-13 12:33:27.260 4                    2013-04-13 12:33:27.260
587         279         &lt;p style=&quot;margin: 0in;&quot;&gt;&lt;span style=&quot;font-family: calibri; font-size: 11pt;&quot;&gt;There are many different ways to design a 3D cube&amp;nbsp; but I chose a Column Layer method. Think of the cube as a building. If the cube were a  4           1           1           4               2013-04-14 15:34:42.707 4                    2013-04-14 15:34:42.707
598         289         &lt;img alt=&quot;&quot; src=&quot;/dotnetnuke/Portals/2/Images/3D%20Cube/LED%20Step%201.JPG&quot; width=&quot;816&quot; height=&quot;612&quot; /&gt;&lt;img alt=&quot;&quot; src=&quot;/dotnetnuke/Portals/2/Images/3D Cube/LED Step 1.JPG&quot; width=&quot;32 3           1           1           4               2013-04-16 16:26:40.373 4                    2013-04-16 16:26:40.373
598         290         &lt;img alt=&quot;&quot; src=&quot;/dotnetnuke/Portals/2/Images/3D%20Cube/LED%20Step%201.JPG&quot; width=&quot;212&quot; height=&quot;187&quot; /&gt;                                                                                                            4           1           1           4               2013-04-16 16:32:38.720 4                    2013-04-16 16:32:38.720
599         291         &lt;img alt=&quot;&quot; src=&quot;/dotnetnuke/Portals/2/Images/3D%20Cube/LED%20Step%202.JPG&quot; width=&quot;248&quot; height=&quot;228&quot; /&gt;Add Content...                                                                                              1           1           1           4               2013-04-16 16:35:18.557 4                    2013-04-16 16:35:18.557
600         292         &lt;img alt=&quot;&quot; src=&quot;/dotnetnuke/Portals/2/Images/3D%20Cube/LED%20Step%204.JPG&quot; width=&quot;217&quot; height=&quot;197&quot; /&gt;Add Content...                                                                                              1           1           1           4               2013-04-16 16:36:01.223 4                    2013-04-16 16:36:01.223
602         293         &lt;img alt=&quot;&quot; src=&quot;/dotnetnuke/Portals/2/Images/3D%20Cube/LED%20Step%205.JPG&quot; width=&quot;235&quot; height=&quot;211&quot; /&gt;Add Content...                                                                                              1           1           1           4               2013-04-16 16:36:40.960 4                    2013-04-16 16:36:40.960
601         294         &lt;img alt=&quot;&quot; src=&quot;/dotnetnuke/Portals/2/Images/3D%20Cube/LED%20Step%204.JPG&quot; width=&quot;217&quot; height=&quot;197&quot; /&gt;Add Content...                                                                                              1           1           1           4               2013-04-16 16:37:12.633 4                    2013-04-16 16:37:12.633
600         295         &lt;img alt=&quot;&quot; src=&quot;/dotnetnuke/Portals/2/Images/3D%20Cube/LED%20Step%203.JPG&quot; width=&quot;249&quot; height=&quot;254&quot; /&gt;                                                                                                            2           1           1           4               2013-04-16 16:37:51.600 4                    2013-04-16 16:37:51.600
604         297         &lt;img alt=&quot;&quot; src=&quot;/dotnetnuke/Portals/2/Images/3D Cube/CubeSchematic.jpg&quot; width=&quot;591&quot; height=&quot;1063&quot; /&gt;Add Content...                                                                                                1           1           1           4               2013-04-16 16:51:59.767 4                    2013-04-16 16:51:59.767
591         302         &lt;img alt=&quot;&quot; src=&quot;/dotnetnuke/Portals/2/Images/3D%20Cube/LEDs.JPG&quot; style=&quot;width: 612px; height: 816px;&quot; width=&quot;612&quot; height=&quot;816&quot; /&gt;Add Content...                                                         1           1           1           4               2013-04-16 17:05:40.453 4                    2013-04-16 17:05:40.453
591         306         &lt;img alt=&quot;&quot; src=&quot;/dotnetnuke/Portals/2/Images/3D%20Cube/LEDs.JPG&quot; width=&quot;300&quot; height=&quot;400&quot; /&gt;Add Content...                                                                                                        2           1           1           4               2013-04-16 17:10:02.530 4                    2013-04-16 17:10:02.530
609         313         On this page I included links to the LEDs I used for my project. If I were to do this project again I would probably not use these so don't just order them without carefully considering the issues below.&amp;nbsp;&lt;br /&gt;
&lt;br /&gt;
The first issue 1           1           1           4               2013-04-16 19:32:52.483 4                    2013-04-16 19:32:52.483
598         314         &lt;img alt=&quot;&quot; src=&quot;/dotnetnuke/Portals/2/Images/3D%20Cube/LED%20Step%201.JPG&quot; width=&quot;200&quot; height=&quot;200&quot; /&gt;                                                                                                            5           1           1           4               2013-04-16 19:34:13.230 4                    2013-04-16 19:34:13.230
599         315         &lt;img alt=&quot;&quot; src=&quot;/dotnetnuke/Portals/2/Images/3D%20Cube/LED%20Step%202.JPG&quot; width=&quot;200&quot; height=&quot;200&quot; /&gt;                                                                                                            2           1           1           4               2013-04-16 19:34:48.507 4                    2013-04-16 19:34:48.507
600         316         &lt;img alt=&quot;&quot; src=&quot;/dotnetnuke/Portals/2/Images/3D%20Cube/LED%20Step%203.JPG&quot; width=&quot;200&quot; height=&quot;200&quot; /&gt;                                                                                                            3           1           1           4               2013-04-16 19:35:21.113 4                    2013-04-16 19:35:21.113
601         317         &lt;img alt=&quot;&quot; src=&quot;/dotnetnuke/Portals/2/Images/3D%20Cube/LED%20Step%204.JPG&quot; width=&quot;200&quot; height=&quot;200&quot; /&gt;                                                                                                            2           1           1           4               2013-04-16 19:36:02.173 4                    2013-04-16 19:36:02.173
602         318         &lt;img alt=&quot;&quot; src=&quot;/dotnetnuke/Portals/2/Images/3D%20Cube/LED%20Step%205.JPG&quot; width=&quot;200&quot; height=&quot;200&quot; /&gt;                                                                                                            2           1           1           4               2013-04-16 19:36:36.413 4                    2013-04-16 19:36:36.413
609         320         &lt;strong&gt;&lt;span style=&quot;font-size: 14px;&quot;&gt;What to Buy&lt;/span&gt;&lt;/strong&gt;&lt;br /&gt;
On this page I included links to the LEDs I used for my project. If I were to do this project again I would probably not use these so don't ju 2           1           1           4               2013-04-16 19:53:02.167 4                    2013-04-16 19:53:02.167
598         321         &lt;img alt=&quot;&quot; src=&quot;/dotnetnuke/Portals/2/Images/3D%20Cube/LED%20Step%201.JPG&quot; width=&quot;200&quot; height=&quot;200&quot; /&gt;&lt;br /&gt;
In order to properly connect each LED's red, green, blue and ground wires to the next one you 6           1           1           4               2013-04-16 19:53:54.380 4                    2013-04-16 19:53:54.380
608         322         Sites like &lt;a href=&quot;http://www.jameco.com/&quot; target=&quot;_blank&quot;&gt;Jameco&lt;/a&gt; and &lt;a href=&quot;https://www.sparkfun.com/&quot; target=&quot;_blank&quot;&gt;SparkFun&lt;/a&gt; are great for those hard to find parts but when you  3           1           1           4               2013-04-16 19:54:37.753 4                    2013-04-16 19:54:37.753
598         324         &lt;img alt=&quot;&quot; src=&quot;/dotnetnuke/Portals/2/Images/3D%20Cube/LED%20Step%201.JPG&quot; width=&quot;200&quot; height=&quot;200&quot; /&gt;&lt;br /&gt;
Before you start bending it is important to hold the LED the same way each time. The longer w 7           1           1           4               2013-04-16 20:05:14.283 4                    2013-04-16 20:05:14.283
599         325         &lt;img alt=&quot;&quot; src=&quot;/dotnetnuke/Portals/2/Images/3D%20Cube/LED%20Step%202.JPG&quot; width=&quot;200&quot; height=&quot;200&quot; /&gt;&lt;br /&gt;
Start by bending the blue wire away from you.                                                 3           1           1           4               2013-04-16 20:05:55.553 4                    2013-04-16 20:05:55.553
600         326         &lt;img alt=&quot;&quot; src=&quot;/dotnetnuke/Portals/2/Images/3D%20Cube/LED%20Step%203.JPG&quot; width=&quot;200&quot; height=&quot;200&quot; /&gt;&lt;br /&gt;
Then bend the green wire towards yourself.                                                    4           1           1           4               2013-04-16 20:07:25.487 4                    2013-04-16 20:07:25.487
601         327         &lt;img alt=&quot;&quot; src=&quot;/dotnetnuke/Portals/2/Images/3D%20Cube/LED%20Step%204.JPG&quot; width=&quot;200&quot; height=&quot;200&quot; /&gt;&lt;br /&gt;
Then bend both the common and red wires away from you.                                        3           1           1           4               2013-04-16 20:09:06.480 4                    2013-04-16 20:09:06.480
602         328         &lt;img alt=&quot;&quot; src=&quot;/dotnetnuke/Portals/2/Images/3D%20Cube/LED%20Step%205.JPG&quot; width=&quot;200&quot; height=&quot;200&quot; /&gt;&lt;br /&gt;
Then reposition the pliers just above the bend you made in the red and common wires. Now bend 3           1           1           4               2013-04-16 20:13:17.333 4                    2013-04-16 20:13:17.333
609         329         &lt;strong&gt;&lt;span style=&quot;font-size: 14px;&quot;&gt;What to Buy&lt;/span&gt;&lt;/strong&gt;&lt;br /&gt;
On this page I included links to the LEDs I used for my project. If I were to do this project again I would probably not use these so don't ju 3           1           1           4               2013-04-16 20:15:29.333 4                    2013-04-16 20:15:29.333
609         331         &lt;strong&gt;&lt;span style=&quot;font-size: 14px;&quot;&gt;What to Buy&lt;/span&gt;&lt;/strong&gt;&lt;br /&gt;
On this page I included links to the LEDs I used for my project. If I were to do this project again I would probably not use these so don't ju 4           1           1           4               2013-04-16 20:16:54.707 4                    2013-04-16 20:16:54.707
608         332         Sites like &lt;a href=&quot;http://www.jameco.com/&quot; target=&quot;_blank&quot;&gt;Jameco&lt;/a&gt; and &lt;a href=&quot;https://www.sparkfun.com/&quot; target=&quot;_blank&quot;&gt;SparkFun&lt;/a&gt; are great for those hard to find parts but when you  4           1           1           4               2013-04-16 20:19:47.020 4                    2013-04-16 20:19:47.020
608         333         Sites like &lt;a href=&quot;http://www.jameco.com/&quot; target=&quot;_blank&quot;&gt;Jameco&lt;/a&gt; and &lt;a href=&quot;https://www.sparkfun.com/&quot; target=&quot;_blank&quot;&gt;SparkFun&lt;/a&gt; are great for those hard to find parts but when you  5           1           1           4               2013-04-16 20:22:02.037 4                    2013-04-16 20:22:02.037
597         334         A cubes complexity increases by a power of three with every single increase in size.&lt;br /&gt;
&lt;br /&gt;
4x4x4 Cube has 64 LEDs which means 128 solder connections for single color and 256 for three colors.&lt;br /&gt;
8x8x8 Cube has 512 LEDs which  3           1           1           4               2013-04-16 20:28:26.223 4                    2013-04-16 20:28:26.223
597         335         This is a&amp;nbsp;moderately&amp;nbsp;hard electronics project. To avoid&amp;nbsp;unnecessary&amp;nbsp;frustration, you should have a basic understanding of electronics before you attempts this.&lt;br /&gt;
&lt;br /&gt;
&lt;br /&gt;
&lt;br /&gt;
A cub 4           1           1           4               2013-04-16 20:31:35.807 4                    2013-04-16 20:31:35.807
585         336         &lt;div style=&quot;text-align: center;&quot;&gt;&lt;a href=&quot;http://www.codestudiocreation.com/dotnetnuke/LinkClick.aspx?link=https%3a%2f%2fwww.youtube.com%2fwatch%3fv%3dg1rB__IMVPw&amp;amp;tabid=138&amp;amp;mid=585&quot; target=&quot;_blank&quot;&gt; 2           1           1           4               2013-04-17 14:39:28.373 4                    2013-04-17 14:39:28.373
590         337         &lt;img alt=&quot;&quot; src=&quot;/dotnetnuke/Portals/2/Images/3D%20Cube/CubeCurrentFlow.jpg&quot; width=&quot;351&quot; height=&quot;469&quot; /&gt;                                                                                                           2           1           1           4               2013-04-17 15:06:31.373 4                    2013-04-17 15:06:31.373
597         338         This is a&amp;nbsp;moderately&amp;nbsp;hard electronics project. To avoid&amp;nbsp;unnecessary&amp;nbsp;frustration, you should have a basic understanding of electronics before you attempts this.&lt;br /&gt;
&lt;br /&gt;
&lt;br /&gt;
&lt;br /&gt;
A cub 5           1           1           4               2013-04-17 15:11:27.270 4                    2013-04-17 15:11:27.270
602         347         &lt;img alt=&quot;&quot; src=&quot;/dotnetnuke/Portals/2/Images/3D%20Cube/LED%20Step%205.JPG&quot; width=&quot;200&quot; height=&quot;200&quot; /&gt;&lt;br /&gt;
Then reposition the pliers just above the bend you made in the red and common wires. Now bend 4           1           1           4               2013-04-17 19:03:56.000 4                    2013-04-17 19:03:56.000
612         351         &lt;div style=&quot;text-align: center;&quot;&gt;&lt;img alt=&quot;&quot; src=&quot;/dotnetnuke/Portals/2/Images/3D%20Cube/LED%20Final.JPG&quot; width=&quot;274&quot; height=&quot;219&quot; /&gt;&lt;/div&gt;
&lt;p&gt;LEDs are Light Emitting Diodes but let 4           1           1           4               2013-04-19 13:49:41.340 4                    2013-04-19 13:49:41.340
609         352         &lt;strong&gt;&lt;span style=&quot;font-size: 14px;&quot;&gt;Testing your LEDs&lt;/span&gt;&lt;/strong&gt;&lt;br /&gt;
To test my LED's I set up a bread board to apply voltages each of the three colors and then put the appropriate&amp;nbsp;resistor&amp;nb 5           1           1           4               2013-04-19 13:52:59.827 4                    2013-04-19 13:52:59.827
608         354         Sites like &lt;a href=&quot;http://www.jameco.com/&quot; target=&quot;_blank&quot;&gt;Jameco&lt;/a&gt; and &lt;a href=&quot;https://www.sparkfun.com/&quot; target=&quot;_blank&quot;&gt;SparkFun&lt;/a&gt; are great for those hard to find parts but when you  6           1           1           4               2013-04-19 14:30:05.240 4                    2013-04-19 14:30:05.240
608         355         &lt;br /&gt;
&lt;a href=&quot;http://www.dhgate.com/5mm-rgb-full-color-led-common-anode-/p-ff8080813976b48901397c1c01fd32c8.html&quot; target=&quot;_blank&quot;&gt;Buy Bulk RGB LEDs&lt;/a&gt;&lt;br /&gt;
&lt;br /&gt;
&lt;a href=&quot;http://www.codestud 7           1           1           4               2013-04-19 14:31:21.690 4                    2013-04-19 14:31:21.690
602         359         &lt;img alt=&quot;&quot; src=&quot;/dotnetnuke/Portals/2/Images/3D%20Cube/LED%20Step%205.JPG&quot; width=&quot;200&quot; height=&quot;200&quot; /&gt;&lt;br /&gt;
Then reposition the pliers just above the bend you made in the red and common wires. Now bend 5           1           1           4               2013-04-19 15:00:13.690 4                    2013-04-19 15:00:13.690
613         362         Sites like&amp;nbsp;&lt;a href=&quot;http://www.jameco.com/&quot; target=&quot;_blank&quot;&gt;Jameco&lt;/a&gt;&amp;nbsp;and&amp;nbsp;&lt;a href=&quot;https://www.sparkfun.com/&quot; target=&quot;_blank&quot;&gt;SparkFun&lt;/a&gt;&amp;nbsp;are great for th 5           1           1           4               2013-04-19 15:22:21.950 4                    2013-04-19 15:22:21.950
613         365         Sites like&amp;nbsp;&lt;a href=&quot;http://www.jameco.com/&quot; target=&quot;_blank&quot;&gt;Jameco&lt;/a&gt;&amp;nbsp;and&amp;nbsp;&lt;a href=&quot;https://www.sparkfun.com/&quot; target=&quot;_blank&quot;&gt;SparkFun&lt;/a&gt;&amp;nbsp;are great for th 6           1           1           4               2013-04-19 15:42:47.420 4                    2013-04-19 15:42:47.420
615         368         &lt;img alt=&quot;&quot; src=&quot;/dotnetnuke/Portals/2/Images/3D%20Cube/LEDs.JPG&quot; width=&quot;300&quot; height=&quot;400&quot; /&gt;                                                                                                                      1           1           1           4               2013-04-19 16:07:20.970 4                    2013-04-19 16:07:20.970
614         374         Now you have to look at how your LEDs will fit together. Determine how far apart you can space them so that they can still be soldered together. Remember this is a cube so the distance between the LEDs horizontally and vertically should be the same. For my 8           1           1           4               2013-04-19 16:45:43.507 4                    2013-04-19 16:45:43.507
596         375         Before you put any time or effort in to an LED make sure it works. I had two bad ones, which doesn't sound like much unless their in the center of your finished cube. My friend found a very good deal on blue LEDs only to find that about 10% of them were ba 10          1           1           4               2013-04-19 16:47:58.190 4                    2013-04-19 16:47:58.190
618         376         Create some type of test circuit that allows you to quickly plug in and unplug LEDs for testing. I used my bread board with a 5v power supply and the all important resistor to protect your circuit. In my test circuit you would push the LED down in the brea 1           1           1           4               2013-04-19 16:50:34.787 4                    2013-04-19 16:50:34.787
614         378         Now you have to look at how your LEDs will fit together. Determine how far apart you can space them so that they can still be soldered together. Remember this is a cube so the distance between the LEDs horizontally and vertically should be the same. For my 9           1           1           4               2013-04-19 16:58:49.450 4                    2013-04-19 16:58:49.450
611         379         &lt;ul&gt;
    &lt;li&gt;&lt;span style=&quot;font-family: 'courier new';&quot;&gt;(520)&lt;span class=&quot;Apple-tab-span&quot; style=&quot;white-space: pre;&quot;&gt;	&lt;/span&gt;&lt;a href=&quot;http://www.codestudiocreation.com/dotnetnuke/Portals/2/ 5           1           1           4               2013-04-19 17:15:28.413 4                    2013-04-19 17:15:28.413
611         380         &lt;ul&gt;
    &lt;li&gt;&lt;span style=&quot;font-family: 'courier new';&quot;&gt;512&amp;nbsp;&lt;a href=&quot;http://www.codestudiocreation.com/dotnetnuke/Portals/2/Images/3D%20Cube/RGB%20LED.pdf&quot; target=&quot;_blank&quot;&gt;RGB LEDs (Common Anod 6           1           1           4               2013-04-19 17:17:35.347 4                    2013-04-19 17:17:35.347
620         393         &lt;center&gt;
&lt;table&gt;
    &lt;tbody&gt;
        &lt;tr&gt;
            &lt;td align=&quot;center&quot;&gt;Decimal&lt;/td&gt;
            &lt;td rowspan=&quot;9&quot;&gt;&amp;nbsp;&amp;nbsp;&lt;/td&gt;
            &lt;td colspan=&quot;3&quot; a 10          1           1           4               2013-04-19 20:51:28.200 4                    2013-04-19 20:51:28.200
622         394         Once your cube is completed you will have to control it in some way. The cube will have 64 different columns each with their own wire. Since you have eight layers with three colors on each you will also have 24 different wires coming off the layers. That i 3           1           1           4               2013-04-19 20:55:22.347 4                    2013-04-19 20:55:22.347
611         395         &lt;ul&gt;
    &lt;li&gt;&lt;span style=&quot;font-family: 'courier new';&quot;&gt;512&amp;nbsp;&lt;a href=&quot;http://www.codestudiocreation.com/dotnetnuke/Portals/2/Images/3D%20Cube/RGB%20LED.pdf&quot; target=&quot;_blank&quot;&gt;RGB LEDs (Common Anod 7           1           1           4               2013-04-19 20:57:18.990 4                    2013-04-19 20:57:18.990
621         396         &lt;a href=&quot;http://www.codestudiocreation.com/dotnetnuke/Portals/2/Images/3D%20Cube/74HC238%20Decoder.pdf&quot; target=&quot;_blank&quot;&gt;3 to 8 Decoder Data Sheet&lt;/a&gt;&lt;br /&gt;
&lt;a href=&quot;http://www.codestudiocreation.com/dotnetnuke 1           1           1           4               2013-04-19 20:59:19.063 4                    2013-04-19 20:59:19.063
611         397         &lt;span style=&quot;font-family: 'courier new';&quot;&gt;512&amp;nbsp;&lt;/span&gt;&lt;a href=&quot;http://www.codestudiocreation.com/dotnetnuke/Portals/2/Images/3D%20Cube/RGB%20LED.pdf&quot; target=&quot;_blank&quot;&gt;RGB LEDs (Common Anode)&lt;/a&gt;& 8           1           1           4               2013-04-19 21:00:02.980 4                    2013-04-19 21:00:02.980
604         402         &lt;img alt=&quot;&quot; src=&quot;/dotnetnuke/Portals/2/Images/3D Cube/CubeSchematic.jpg&quot; width=&quot;591&quot; height=&quot;1063&quot; /&gt;                                                                                                              2           1           1           4               2013-04-19 21:25:42.273 4                    2013-04-19 21:25:42.273
592         404         By now you should understand the basics of how the 3 to 8 Decoder chip works. I used this basic understanding to design the circuit in the schematic on this page. I used eight chips one for each row of columns in the Cube.&amp;nbsp;&lt;br /&gt;
&lt;br /&g 5           1           1           4               2013-04-19 21:33:45.460 4                    2013-04-19 21:33:45.460
592         405         By now you should understand the basics of how the 3 to 8 Decoder chip works. I used this basic understanding to design the circuit in the schematic on this page. I used eight chips one for each row of columns in the Cube.&amp;nbsp;&lt;br /&gt;
&lt;br /&g 6           1           1           4               2013-04-19 21:35:46.290 4                    2013-04-19 21:35:46.290
611         408         &lt;span style=&quot;font-size: 12px; font-family: 'courier new';&quot;&gt;512&amp;nbsp;&lt;a href=&quot;http://www.codestudiocreation.com/dotnetnuke/Portals/2/Images/3D%20Cube/RGB%20LED.pdf&quot; target=&quot;_blank&quot;&gt;RGB LEDs (Common Anode)&lt;/a& 9           1           1           4               2013-04-19 21:56:45.283 4                    2013-04-19 21:56:45.283
624         409         &lt;div style=&quot;text-align: center;&quot;&gt;&lt;img alt=&quot;&quot; src=&quot;/dotnetnuke/Portals/2/Images/3D%20Cube/CD54HCT138.jpg&quot; width=&quot;196&quot; height=&quot;139&quot; style=&quot;width: 196px; height: 139px;&quot; /&gt;&lt;/div&gt;    1           1           1           4               2013-04-19 22:01:46.130 4                    2013-04-19 22:01:46.130
624         410         &lt;div style=&quot;text-align: center;&quot;&gt;&lt;img alt=&quot;&quot; src=&quot;/dotnetnuke/Portals/2/Images/3D%20Cube/CD54HCT138.jpg&quot; width=&quot;196&quot; height=&quot;139&quot; style=&quot;width: 196px; height: 139px;&quot; /&gt;&lt;br /&gt;
& 2           1           1           4               2013-04-19 22:02:39.400 4                    2013-04-19 22:02:39.400
614         411         Now you have to look at how your LEDs will fit together. Determine how far apart you can space them so that they can still be soldered together. Remember this is a cube so the distance between the LEDs horizontally and vertically should be the same. For my 10          1           1           4               2013-04-19 22:03:50.637 4                    2013-04-19 22:03:50.637
592         412         By now you should understand the basics of how the 3 to 8 Decoder chip works. I used this basic understanding to design the circuit in the schematic on this page. I used eight chips one for each row of columns in the Cube.&amp;nbsp;&lt;br /&gt;
&lt;br /&g 7           1           1           4               2013-04-19 22:08:11.453 4                    2013-04-19 22:08:11.453
625         413         It is important to note that I am using common cathode LEDs in my cube. This means that the signal I am sending to a single column is a positive one. If you purchased common anode LEDs you will need to send a negative signal. This can be easily accomplishe 1           1           1           4               2013-04-19 22:09:22.840 4                    2013-04-19 22:09:22.840
625         414         It is important to note that I am using common cathode LEDs in my cube. This means that the signal I am sending to a single column is a positive one. If you purchased common anode LEDs you will need to send a negative signal. This can be easily accomplishe 2           1           1           4               2013-04-19 22:11:40.803 4                    2013-04-19 22:11:40.803
592         415         By now you should understand the basics of how the 3 to 8 Decoder chip works. I used this basic understanding to design the circuit in the schematic on this page. I used eight chips one for each row of columns in the Cube.&amp;nbsp;&lt;br /&gt;
&lt;br /&g 8           1           1           4               2013-04-19 22:15:15.620 4                    2013-04-19 22:15:15.620
594         419         So far I have written the code in layers much like DirectX or OpenGL. As you progress further and further from the hardware layer the code becomes&amp;nbsp;increasingly&amp;nbsp;simpler&amp;nbsp;to write.&lt;br /&gt;
&lt;br /&gt;
&lt;br /&gt;
&lt;span s 4           1           1           4               2013-04-19 22:46:55.263 4                    2013-04-19 22:46:55.263
594         420         So far I have written the code in layers much like DirectX or OpenGL. As you progress further and further from the hardware layer the code becomes&amp;nbsp;increasingly&amp;nbsp;simpler&amp;nbsp;to write.&lt;br /&gt;
&lt;br /&gt;
&lt;br /&gt;
&lt;span s 5           1           1           4               2013-04-19 22:49:35.483 4                    2013-04-19 22:49:35.483
594         421         So far I have written the code in layers much like DirectX or OpenGL. As you progress further and further from the hardware layer the code becomes&amp;nbsp;increasingly&amp;nbsp;simpler&amp;nbsp;to write.&lt;br /&gt;
&lt;br /&gt;
&lt;br /&gt;
&lt;span s 6           1           1           4               2013-04-19 22:52:25.353 4                    2013-04-19 22:52:25.353
594         422         So far I have written the code in layers much like DirectX or OpenGL. As you progress further and further from the hardware layer the code becomes&amp;nbsp;increasingly&amp;nbsp;simpler&amp;nbsp;to write.&lt;br /&gt;
&lt;br /&gt;
&lt;br /&gt;
&lt;span s 7           1           1           4               2013-04-19 22:55:10.270 4                    2013-04-19 22:55:10.270
625         426         It is important to note that I am using common cathode LEDs in my cube. This means that the signal I am sending to a single column is a positive one. If you purchased common anode LEDs you will need to send a negative signal. This can be easily accomplishe 3           1           1           4               2013-04-20 14:09:40.070 4                    2013-04-20 14:09:40.070
596         427         Before you put any time or effort in to an LED make sure it works. I had two bad ones, which doesn't sound like much unless their in the center of your finished cube. My friend found a very good deal on blue LEDs only to find that about 10% of them were ba 11          1           1           4               2013-04-22 15:09:00.747 4                    2013-04-22 15:09:00.747
618         429         Before you put any time or effort in to an LED make sure it works. I had two bad ones, which doesn't sound like much unless their in the center of your finished cube. My friend found a very good deal on blue LEDs only to find that about 10% of them were ba 2           1           1           4               2013-04-22 15:11:23.910 4                    2013-04-22 15:11:23.910
618         431         Before you put any time or effort in to an LED make sure it works. I had two bad ones, which doesn't sound like much unless their in the center of your finished cube. My friend found a very good deal on blue LEDs only to find that about 10% of them were ba 3           1           1           4               2013-04-22 15:16:30.537 4                    2013-04-22 15:16:30.537
613         432         Sites like&amp;nbsp;&lt;a href=&quot;http://www.jameco.com/&quot; target=&quot;_blank&quot;&gt;Jameco&lt;/a&gt;&amp;nbsp;and&amp;nbsp;&lt;a href=&quot;https://www.sparkfun.com/&quot; target=&quot;_blank&quot;&gt;SparkFun&lt;/a&gt;&amp;nbsp;are great for th 7           1           1           4               2013-04-22 15:18:23.470 4                    2013-04-22 15:18:23.470
613         433         Sites like&amp;nbsp;&lt;a href=&quot;http://www.jameco.com/&quot; target=&quot;_blank&quot;&gt;Jameco&lt;/a&gt;&amp;nbsp;and&amp;nbsp;&lt;a href=&quot;https://www.sparkfun.com/&quot; target=&quot;_blank&quot;&gt;SparkFun&lt;/a&gt;&amp;nbsp;are great for th 8           1           1           4               2013-04-22 15:19:09.820 4                    2013-04-22 15:19:09.820
632         434         &lt;img alt=&quot;&quot; src=&quot;/dotnetnuke/Portals/2/Images/3D%20Cube/SolderStep5.JPG&quot; style=&quot;width: 200px; height: 151px;&quot; width=&quot;200&quot; height=&quot;151&quot; /&gt;                                                                1           1           1           4               2013-04-22 15:50:13.093 4                    2013-04-22 15:50:13.093
628         436         &lt;img alt=&quot;&quot; src=&quot;/dotnetnuke/Portals/2/Images/3D%20Cube/SolderStep1.JPG&quot; width=&quot;200&quot; height=&quot;170&quot; /&gt;&lt;br /&gt;
Now solder the outside wires down to the next LED.                                               1           1           1           4               2013-04-22 15:55:02.130 4                    2013-04-22 15:55:02.130
629         437         &lt;img alt=&quot;&quot; src=&quot;/dotnetnuke/Portals/2/Images/3D%20Cube/SolderStep2.JPG&quot; width=&quot;200&quot; height=&quot;160&quot; /&gt;&lt;br /&gt;
Then solder the center wire down to the previous LED.                                            1           1           1           4               2013-04-22 15:56:00.500 4                    2013-04-22 15:56:00.500
630         438         &lt;img alt=&quot;&quot; src=&quot;/dotnetnuke/Portals/2/Images/3D%20Cube/SolderStep3.JPG&quot; width=&quot;200&quot; height=&quot;150&quot; /&gt;&lt;br /&gt;
Congratulation you have soldered your first two LEDs together. Only 510 more more to go. Place a 1           1           1           4               2013-04-22 15:58:35.237 4                    2013-04-22 15:58:35.237
631         439         &lt;img alt=&quot;&quot; src=&quot;/dotnetnuke/Portals/2/Images/3D%20Cube/SolderStep4.JPG&quot; width=&quot;200&quot; height=&quot;150&quot; /&gt;&lt;br /&gt;
Now solder the row's center wire down to the new LED. Then just repeat the process until you hav 1           1           1           4               2013-04-22 16:00:49.020 4                    2013-04-22 16:00:49.020
627         440         &lt;img alt=&quot;&quot; src=&quot;/dotnetnuke/Portals/2/Images/3D%20Cube/JigTwoLEDs.JPG&quot; width=&quot;200&quot; height=&quot;170&quot; /&gt;&lt;br /&gt;
Place two LEDs in your jig facing the same direction. Make sure that the outside wires are bent s 2           1           1           4               2013-04-22 16:01:37.943 4                    2013-04-22 16:01:37.943
627         441         &lt;img alt=&quot;&quot; src=&quot;/dotnetnuke/Portals/2/Images/3D%20Cube/JigTwoLEDs.JPG&quot; width=&quot;200&quot; height=&quot;170&quot; /&gt;&lt;br /&gt;
Place two LEDs in your jig facing the same direction. Make sure that the outside wires are bent s 3           1           1           4               2013-04-22 16:02:32.463 4                    2013-04-22 16:02:32.463
627         442         &lt;img alt=&quot;&quot; src=&quot;/dotnetnuke/Portals/2/Images/3D%20Cube/SolderStep1.JPG&quot; width=&quot;200&quot; height=&quot;170&quot; /&gt;&lt;br /&gt;
Place two LEDs in your jig facing the same direction. Make sure that the outside wires are bent  4           1           1           4               2013-04-22 16:15:24.447 4                    2013-04-22 16:15:24.447
628         443         &lt;img alt=&quot;&quot; src=&quot;/dotnetnuke/Portals/2/Images/3D%20Cube/SolderStep2.JPG&quot; width=&quot;200&quot; height=&quot;160&quot; /&gt;&lt;br /&gt;
Now solder the outside wires down to the next LED.                                               2           1           1           4               2013-04-22 16:15:59.533 4                    2013-04-22 16:15:59.533
629         444         &lt;img alt=&quot;&quot; src=&quot;/dotnetnuke/Portals/2/Images/3D%20Cube/SolderStep3.JPG&quot; width=&quot;200&quot; height=&quot;150&quot; /&gt;&lt;br /&gt;
Then solder the center wire down to the previous LED.                                            2           1           1           4               2013-04-22 16:16:28.950 4                    2013-04-22 16:16:28.950
630         445         &lt;img alt=&quot;&quot; src=&quot;/dotnetnuke/Portals/2/Images/3D%20Cube/SolderStep4.JPG&quot; width=&quot;400&quot; height=&quot;228&quot; /&gt;&lt;br /&gt;
Congratulation you have soldered your first two LEDs together. Only 510 more more to go. Place a 2           1           1           4               2013-04-22 16:17:00.360 4                    2013-04-22 16:17:00.360
631         446         &lt;img alt=&quot;&quot; src=&quot;/dotnetnuke/Portals/2/Images/3D%20Cube/SolderStep5.JPG&quot; width=&quot;400&quot; height=&quot;186&quot; /&gt;&lt;br /&gt;
Now solder the row's center wire down to the new LED. Then just repeat the process until you hav 2           1           1           4               2013-04-22 16:17:35.770 4                    2013-04-22 16:17:35.770
627         447         &lt;img alt=&quot;&quot; src=&quot;/dotnetnuke/Portals/2/Images/3D%20Cube/SolderStep1.JPG&quot; /&gt;&lt;br /&gt;
Place two LEDs in your jig facing the same direction. Make sure that the outside wires are bent slightly outward and up and the center wire i 5           1           1           4               2013-04-22 16:18:35.760 4                    2013-04-22 16:18:35.760
628         448         &lt;img alt=&quot;&quot; src=&quot;/dotnetnuke/Portals/2/Images/3D%20Cube/SolderStep2.JPG&quot; /&gt;&lt;br /&gt;
Now solder the outside wires down to the next LED.                                                                                            3           1           1           4               2013-04-22 16:18:58.743 4                    2013-04-22 16:18:58.743
629         449         &lt;img alt=&quot;&quot; src=&quot;/dotnetnuke/Portals/2/Images/3D%20Cube/SolderStep3.JPG&quot; /&gt;&lt;br /&gt;
Then solder the center wire down to the previous LED.                                                                                         3           1           1           4               2013-04-22 16:19:28.740 4                    2013-04-22 16:19:28.740
614         450         Now you have to look at how your LEDs will fit together. Determine how far apart you can space them so that they can still be soldered together. Remember this is a cube so the distance between the LEDs horizontally and vertically should be the same. For my 11          1           1           4               2013-04-22 16:30:25.313 4                    2013-04-22 16:30:25.313
633         451         &lt;p&gt;&lt;strong&gt;Soldering&lt;br /&gt;
&lt;/strong&gt;I often tried to bend the LED wires so that they were touching one another even before I soldered them. I later found that as cube assembly progressed I often had to bend or distort entire groups 1           1           1           4               2013-04-22 16:31:11.530 4                    2013-04-22 16:31:11.530
614         452         Now you have to determine how far apart you can space your LEDs so that they can still be soldered together. Remember this is a cube so the distance you choose between the LEDs horizontally should also work vertically with your common wire. For my cube the 12          1           1           4               2013-04-22 16:41:48.443 4                    2013-04-22 16:41:48.443
634         453         &lt;div style=&quot;text-align: center;&quot;&gt;&lt;img alt=&quot;&quot; src=&quot;/dotnetnuke/Portals/2/Images/3D%20Cube/SolderExample.JPG&quot; width=&quot;400&quot; height=&quot;300&quot; style=&quot;width: 400px; height: 300px;&quot; /&gt;&lt;/div&gt; 1           1           1           4               2013-04-22 16:44:51.053 4                    2013-04-22 16:44:51.053
627         454         Place two LEDs in your jig facing the same direction. Make sure that the outside wires are bent slightly outward and up and the center wire is slightly up. This way any solder connections that do not stick will pop back up rather then look connected.&lt;br 6           1           1           4               2013-04-22 18:56:39.107 4                    2013-04-22 18:56:39.107
633         456         &lt;p&gt;&lt;strong&gt;Soldering&lt;br /&gt;
&lt;/strong&gt;I often tried to bend the LED wires so that they were touching one another even before I soldered them. I later found that as cube assembly progressed I often had to straighten the rows of LEDs w 2           1           1           4               2013-04-22 19:08:41.760 4                    2013-04-22 19:08:41.760
633         457         &lt;p&gt;&lt;strong&gt;Soldering&lt;br /&gt;
&lt;/strong&gt;I often tried to bend the LED wires so that they were touching one another even before I soldered them. I later found that as cube assembly progressed I often had to straighten the rows of LEDs w 3           1           1           4               2013-04-22 19:09:17.780 4                    2013-04-22 19:09:17.780
628         458         Now solder the outside wires down to the next LED.&lt;br /&gt;
&lt;img alt=&quot;&quot; src=&quot;/dotnetnuke/Portals/2/Images/3D%20Cube/SolderStep2.JPG&quot; /&gt;&lt;br /&gt;                                                                                4           1           1           4               2013-04-23 16:21:25.530 4                    2013-04-23 16:21:25.530
628         459         Now solder the outside wires down to the next LED.&lt;br /&gt;
&lt;br /&gt;
&lt;img alt=&quot;&quot; src=&quot;/dotnetnuke/Portals/2/Images/3D%20Cube/SolderStep2.JPG&quot; /&gt;                                                                              5           1           1           4               2013-04-23 16:21:47.297 4                    2013-04-23 16:21:47.297
629         460         Then solder the center wire down to the previous LED.&lt;br /&gt;
&lt;br /&gt;
&lt;img alt=&quot;&quot; src=&quot;/dotnetnuke/Portals/2/Images/3D%20Cube/SolderStep3.JPG&quot; /&gt;&lt;br /&gt;                                                               4           1           1           4               2013-04-23 16:22:13.473 4                    2013-04-23 16:22:13.473
630         461         Congratulation you have soldered your first two LEDs together. Only 510 more more to go. Place another LED and solder its outside wires to the next in line.&lt;br /&gt;
&lt;br /&gt;
&lt;img alt=&quot;&quot; src=&quot;/dotnetnuke/Portals/2/Images/3D%20Cub 3           1           1           4               2013-04-23 16:22:41.263 4                    2013-04-23 16:22:41.263
631         462         Now solder the row's center wire down to the new LED. Then just repeat the process until you have a row of eight LEDs.&lt;br /&gt;
&lt;br /&gt;
&lt;img alt=&quot;&quot; src=&quot;/dotnetnuke/Portals/2/Images/3D%20Cube/SolderStep5.JPG&quot; width=&quot;40 3           1           1           4               2013-04-23 16:23:05.177 4                    2013-04-23 16:23:05.177
635         463         &lt;strong&gt;LED Testing&lt;/strong&gt;&lt;br /&gt;
I plugged in each LED and if it came on white I knew all three colors were working. I discovered one bad one this way. The one that escaped me had a short between two colors. If you applied current to e 1           1           1           4               2013-04-23 16:24:25.470 4                    2013-04-23 16:24:25.470
618         464         Before you put any time or effort in to an LED make sure it works. I had two bad ones, which doesn't sound like much unless their in the center of your finished cube. My friend found a very good deal on blue LEDs only to find that about 10% of them were ba 4           1           1           4               2013-04-23 16:26:32.693 4                    2013-04-23 16:26:32.693
635         465         &lt;strong&gt;LED Testing&lt;br /&gt;
&lt;/strong&gt;In my test circuit you would push the LED down in the breadboard where it applied current to Red, Green and Blue all at the same. My plan was that if the LED turned white it passed.&amp;nbsp;I discovere 2           1           1           4               2013-04-23 16:28:05.397 4                    2013-04-23 16:28:05.397
613         466         Sites like&amp;nbsp;&lt;a href=&quot;http://www.jameco.com/&quot; target=&quot;_blank&quot;&gt;Jameco&lt;/a&gt;&amp;nbsp;and&amp;nbsp;&lt;a href=&quot;https://www.sparkfun.com/&quot; target=&quot;_blank&quot;&gt;SparkFun&lt;/a&gt;&amp;nbsp;are great for th 9           1           1           4               2013-04-23 16:29:37.720 4                    2013-04-23 16:29:37.720
636         468         &lt;table&gt;
    &lt;tbody&gt;
        &lt;tr&gt;
            &lt;td&gt;
            &lt;span class=&quot;TitleHead&quot;&gt;Step 1&lt;/span&gt;&lt;br /&gt;
            &lt;img alt=&quot;&quot; src=&quot;http://www.codestudiocreation.com/dotnetnuke/P 2           1           1           4               2013-04-23 16:36:45.170 4                    2013-04-23 16:36:45.170
636         469         &lt;table&gt;
    &lt;tbody&gt;
        &lt;tr&gt;
            &lt;td valign=&quot;top&quot;&gt;
            &lt;span class=&quot;TitleHead&quot;&gt;Step 1&lt;/span&gt;&lt;br /&gt;
            &lt;img alt=&quot;&quot; src=&quot;http://www.codestudiocr 3           1           1           4               2013-04-23 16:39:39.840 4                    2013-04-23 16:39:39.840
636         470         &lt;table&gt;
    &lt;tbody&gt;
        &lt;tr&gt;
            &lt;td valign=&quot;top&quot;&gt;
            &lt;span class=&quot;TitleHead&quot;&gt;&lt;strong&gt;Step 1&lt;br /&gt;
            &lt;/strong&gt;&lt;/span&gt;Before you start bending it i 4           1           1           4               2013-04-23 16:43:07.543 4                    2013-04-23 16:43:07.543
636         471         &lt;table&gt;
    &lt;tbody&gt;
        &lt;tr&gt;
            &lt;td valign=&quot;top&quot;&gt;
            &lt;span class=&quot;TitleHead&quot;&gt;&lt;strong&gt;&lt;br /&gt;
            &lt;img alt=&quot;&quot; src=&quot;http://www.codestudiocreatio 5           1           1           4               2013-04-23 18:15:42.257 4                    2013-04-23 18:15:42.257
635         472         &lt;strong&gt;LED Testing&lt;br /&gt;
&lt;/strong&gt;In my test circuit you would push the LED down in the breadboard where it applied current to Red, Green and Blue all at the same. My plan was that if the LED turned white it passed.&amp;nbsp;I discovere 3           1           1           4               2013-04-23 18:20:52.967 4                    2013-04-23 18:20:52.967
636         474         &lt;table&gt;
    &lt;tbody&gt;
        &lt;tr&gt;
            &lt;td valign=&quot;top&quot;&gt;
            &lt;span class=&quot;TitleHead&quot;&gt;&lt;strong&gt;&lt;br /&gt;
            &lt;img alt=&quot;&quot; src=&quot;http://www.codestudiocreatio 6           1           1           4               2013-04-23 18:22:45.990 4                    2013-04-23 18:22:45.990
615         476         &lt;div style=&quot;text-align: center;&quot;&gt;&lt;img alt=&quot;&quot; src=&quot;/dotnetnuke/Portals/2/Images/3D%20Cube/LEDs.JPG&quot; width=&quot;300&quot; height=&quot;300&quot; /&gt;&lt;/div&gt;                                                         2           1           1           4               2013-04-23 18:37:45.203 4                    2013-04-23 18:37:45.203
615         477         &lt;div style=&quot;text-align: center;&quot;&gt;&lt;img alt=&quot;&quot; src=&quot;/dotnetnuke/Portals/2/Images/3D%20Cube/LEDs.JPG&quot; width=&quot;300&quot; height=&quot;300&quot; /&gt;&lt;br /&gt;
&lt;br /&gt;
&lt;br /&gt;
&lt;/div&gt;               3           1           1           4               2013-04-23 18:39:08.327 4                    2013-04-23 18:39:08.327
637         478         When Assembling Columns&lt;br /&gt;
Put one row in your jig to hold it steady.&lt;br /&gt;
Then place a second row on top making sure the your common lines pass between the appropriate wires.&lt;br /&gt;
It will be difficult to hold this second row the  2           1           1           4               2013-04-23 18:49:36.373 4                    2013-04-23 18:49:36.373
637         479         When Assembling Columns&lt;br /&gt;
Put one row in your jig to hold it steady.&lt;br /&gt;
Then place a second row on top making sure the your common lines pass between the appropriate wires.&lt;br /&gt;
It will be difficult to hold this second row the  3           1           1           4               2013-04-23 18:51:27.590 4                    2013-04-23 18:51:27.590
637         484         &lt;strong&gt;Assembling Columns&lt;/strong&gt;&lt;br /&gt;
Put your first row in your jig to hold it steady.&amp;nbsp;Then place a second row on top making sure that your common lines pass between the appropriate wires.&amp;nbsp;It will be difficult to h 4           1           1           4               2013-04-23 19:04:13.520 4                    2013-04-23 19:04:13.520
637         485         Put your first row in your jig to hold it steady.&amp;nbsp;Then place a second row on top making sure that your common lines pass between the appropriate wires.&amp;nbsp;It will be difficult to hold this second row the appropriate distance above and solder 5           1           1           4               2013-04-23 19:08:53.907 4                    2013-04-23 19:08:53.907
622         489         Once your cube is completed you will have to control it in some way. The cube will have 64 different columns each with their own wire. Since you have eight layers with three colors on each you will also have 24 different wires coming off the layers. That i 4           1           1           4               2013-04-24 06:46:58.920 4                    2013-04-24 06:46:58.920
622         490         Once your cube is completed you will have to control it in some way. The cube will have 64 different columns each with their own wire. Since you have eight layers with three colors on each you will also have 24 different wires coming off the layers. That i 5           1           1           4               2013-04-24 06:53:11.653 4                    2013-04-24 06:53:11.653
594         492         So far I have written the code in layers much like DirectX or OpenGL. As you progress further and further from the hardware layer the code becomes&amp;nbsp;increasingly&amp;nbsp;simpler&amp;nbsp;to write. The&amp;nbsp;Beauty&amp;nbsp;of this design is that 8           1           1           4               2013-04-24 07:01:24.583 4                    2013-04-24 07:01:24.583
588         493         &lt;ul&gt;
    &lt;li&gt;&lt;a href=&quot;http://www.codestudiocreation.com/dotnetnuke/3DLEDCube.aspx&quot;&gt;What is this LED Cube?&lt;/a&gt;&lt;/li&gt;
    &lt;li&gt;&lt;a href=&quot;http://www.codestudiocreation.com/dotnetnuke/3DCubeHowDoesitWork.asp 16          1           1           4               2013-04-24 07:09:38.553 4                    2013-04-24 07:09:38.553
588         494         &lt;ul&gt;
    &lt;li&gt;&lt;a href=&quot;http://www.codestudiocreation.com/dotnetnuke/3DLEDCube.aspx&quot;&gt;&lt;span style=&quot;font-size: 14px;&quot;&gt;What is this LED Cube?&lt;/span&gt;&lt;/a&gt;&lt;/li&gt;
    &lt;li&gt;&lt;a href=&quot;http://w 17          1           1           4               2013-04-24 07:31:38.260 4                    2013-04-24 07:31:38.260
588         495         &lt;ul&gt;
    &lt;li&gt;&lt;a href=&quot;http://www.codestudiocreation.com/dotnetnuke/3DLEDCube.aspx&quot;&gt;&lt;span style=&quot;font-size: 16px;&quot;&gt;What is this LED Cube?&lt;/span&gt;&lt;/a&gt;&lt;/li&gt;
    &lt;li&gt;&lt;a href=&quot;http://w 18          1           1           4               2013-04-24 07:32:51.290 4                    2013-04-24 07:32:51.290
640         499         &lt;img alt=&quot;&quot; src=&quot;/dotnetnuke/Portals/2/Images/3D%20Cube/Friends%20Cube.JPG&quot; style=&quot;width: 200px; height: 150px;&quot; width=&quot;200&quot; height=&quot;150&quot; /&gt;                                                             1           1           1           4               2013-04-28 17:05:54.213 4                    2013-04-28 17:05:54.213
626         500         &lt;img alt=&quot;&quot; src=&quot;/dotnetnuke/Portals/2/Images/3D%20Cube/Full%20Cube.JPG&quot; width=&quot;500&quot; height=&quot;375&quot; /&gt;                                                                                                               1           1           1           4               2013-04-28 17:06:39.967 4                    2013-04-28 17:06:39.967
667         501         &lt;img alt=&quot;&quot; src=&quot;/dotnetnuke/Portals/2/Images/3D%20Cube/Cube%20Layer%20Wires.JPG&quot; width=&quot;500&quot; height=&quot;375&quot; /&gt;                                                                                                      1           1           1           4               2013-04-28 17:09:34.943 4                    2013-04-28 17:09:34.943
668         502         &lt;img alt=&quot;&quot; src=&quot;/dotnetnuke/Portals/2/Images/3D%20Cube/Board%20Wires%201.JPG&quot; width=&quot;500&quot; height=&quot;375&quot; /&gt;                                                                                                         1           1           1           4               2013-04-28 17:11:06.150 4                    2013-04-28 17:11:06.150
669         503         &lt;img alt=&quot;&quot; src=&quot;/dotnetnuke/Portals/2/Images/3D%20Cube/Board%20Wires%202.JPG&quot; width=&quot;500&quot; height=&quot;375&quot; /&gt;                                                                                                         1           1           1           4               2013-04-28 17:11:37.713 4                    2013-04-28 17:11:37.713
588         509         &lt;ul&gt;
    &lt;li&gt;&lt;a href=&quot;http://www.codestudiocreation.com/dotnetnuke/3DLEDCube.aspx&quot;&gt;&lt;span style=&quot;font-size: 16px;&quot;&gt;What is this LED Cube?&lt;/span&gt;&lt;/a&gt;&lt;/li&gt;
    &lt;li&gt;&lt;a href=&quot;http://w 19          1           1           4               2013-04-28 20:23:15.497 4                    2013-04-28 20:23:15.497
588         510         &lt;ul&gt;
    &lt;li&gt;&lt;a href=&quot;http://www.codestudiocreation.com/dotnetnuke/3DLEDCube.aspx&quot;&gt;&lt;span style=&quot;font-size: 16px;&quot;&gt;What is this LED Cube?&lt;/span&gt;&lt;/a&gt;&lt;/li&gt;
    &lt;li&gt;&lt;a href=&quot;http://w 20          1           1           4               2013-04-28 20:26:40.170 4                    2013-04-28 20:26:40.170
671         512         &lt;img alt=&quot;&quot; src=&quot;/dotnetnuke/Portals/2/Images/3D%20Cube/Cube%20Green.JPG&quot; width=&quot;500&quot; height=&quot;375&quot; /&gt;                                                                                                              1           1           1           4               2013-04-28 20:33:47.413 4                    2013-04-28 20:33:47.413
672         513         &lt;img alt=&quot;&quot; src=&quot;/dotnetnuke/Portals/2/Images/3D%20Cube/Cube%20Red%20and%20Blue.JPG&quot; width=&quot;500&quot; height=&quot;375&quot; /&gt;                                                                                                   1           1           1           4               2013-04-28 20:34:35.010 4                    2013-04-28 20:34:35.010
672         514         &lt;img alt=&quot;&quot; src=&quot;/dotnetnuke/Portals/2/Images/3D%20Cube/Cube%20Red%20and%20Blue.JPG&quot; width=&quot;500&quot; height=&quot;375&quot; /&gt;                                                                                                   2           1           1           4               2013-04-28 20:41:29.220 4                    2013-04-28 20:41:29.220
667         517         &lt;img alt=&quot;&quot; src=&quot;/dotnetnuke/Portals/2/Images/3D%20Cube/Cube%20Layer%20Wires.JPG&quot; width=&quot;500&quot; height=&quot;375&quot; /&gt;&lt;br /&gt;
Now that you have a couple of stacks together begin plugging them in to your prototype  2           1           1           4               2013-04-29 19:19:18.657 4                    2013-04-29 19:19:18.657
668         518         &lt;img alt=&quot;&quot; src=&quot;/dotnetnuke/Portals/2/Images/3D%20Cube/Board%20Wires%201.JPG&quot; width=&quot;500&quot; height=&quot;375&quot; /&gt;&lt;br /&gt;
I then used wire ribbon separated in three wire groups so that each ribbon represented red 2           1           1           4               2013-04-29 19:22:59.623 4                    2013-04-29 19:22:59.623
667         519         &lt;img alt=&quot;&quot; src=&quot;/dotnetnuke/Portals/2/Images/3D%20Cube/Cube%20Layer%20Wires.JPG&quot; width=&quot;500&quot; height=&quot;375&quot; /&gt;&lt;br /&gt;
Now that you have a couple of stacks together begin plugging them in to your prototype  3           1           1           4               2013-04-29 19:26:45.690 4                    2013-04-29 19:26:45.690
669         520         &lt;img alt=&quot;&quot; src=&quot;/dotnetnuke/Portals/2/Images/3D%20Cube/Board%20Wires%202.JPG&quot; width=&quot;500&quot; height=&quot;375&quot; /&gt;&lt;br /&gt;
The image above shows my&amp;nbsp;twenty four&amp;nbsp;layers wires passing off to the lef 2           1           1           4               2013-04-29 19:31:11.460 4                    2013-04-29 19:31:11.460
668         521         &lt;img alt=&quot;&quot; src=&quot;/dotnetnuke/Portals/2/Images/3D%20Cube/Board%20Wires%201.JPG&quot; width=&quot;500&quot; height=&quot;375&quot; /&gt;&lt;br /&gt;
I then used wire ribbon separated in three wire groups so that each ribbon represented red 3           1           1           4               2013-04-29 19:32:43.163 4                    2013-04-29 19:32:43.163
607         522         &lt;iframe width=&quot;200&quot; height=&quot;200&quot; src=&quot;http://www.youtube.com/embed/Y71U1TwWWuo&quot; frameborder=&quot;0&quot;&gt;&lt;/iframe&gt;&lt;br /&gt;
Don't solder your entire cube together without testing since this&amp;nbsp;is where t 8           1           1           4               2013-04-29 19:43:13.233 4                    2013-04-29 19:43:13.233
607         523         &lt;iframe width=&quot;200&quot; height=&quot;200&quot; src=&quot;http://www.youtube.com/embed/Y71U1TwWWuo&quot; frameborder=&quot;0&quot;&gt;&lt;/iframe&gt;&lt;br /&gt;
Don't solder your entire cube together without testing since this&amp;nbsp;is where t 9           1           1           4               2013-04-29 19:43:39.173 4                    2013-04-29 19:43:39.173
674         524         I often see people installing transistors to protect their Arduino from the high draw of the cube. When I ran these tests I was not sure if having eight LEDs or since they are RGB have twenty four LEDs pulling on one Arduino output would over load it. As y 1           1           1           4               2013-04-29 19:43:58.900 4                    2013-04-29 19:43:58.900
671         525         &lt;img alt=&quot;&quot; src=&quot;/dotnetnuke/Portals/2/Images/3D%20Cube/Cube%20Green.JPG&quot; width=&quot;500&quot; height=&quot;375&quot; /&gt;&lt;br /&gt;
When connecting your stacks you will have single wires sticking out one side and pairs of wires 2           1           1           4               2013-04-29 19:49:40.667 4                    2013-04-29 19:49:40.667
671         526         &lt;img alt=&quot;&quot; src=&quot;/dotnetnuke/Portals/2/Images/3D%20Cube/Cube%20Green.JPG&quot; width=&quot;500&quot; height=&quot;375&quot; /&gt;&lt;br /&gt;
When connecting your stacks you will have single wires sticking out one side and pairs of wires 3           1           1           4               2013-04-29 19:50:36.517 4                    2013-04-29 19:50:36.517
672         527         &lt;img alt=&quot;&quot; src=&quot;/dotnetnuke/Portals/2/Images/3D%20Cube/Cube%20Red%20and%20Blue.JPG&quot; width=&quot;500&quot; height=&quot;375&quot; /&gt;&lt;br /&gt;
The side with the pair of wires sticking out is a bit trickier. If your were to bend 3           1           1           4               2013-04-29 19:55:38.240 4                    2013-04-29 19:55:38.240
671         528         &lt;img alt=&quot;&quot; src=&quot;/dotnetnuke/Portals/2/Images/3D%20Cube/Cube%20Green.JPG&quot; width=&quot;500&quot; height=&quot;375&quot; /&gt;&lt;br /&gt;
When connecting your stacks you will have single wires sticking out one side and pairs of wires 4           1           1           4               2013-04-29 19:56:42.710 4                    2013-04-29 19:56:42.710
671         529         &lt;img alt=&quot;&quot; src=&quot;/dotnetnuke/Portals/2/Images/3D%20Cube/Cube%20Green.JPG&quot; width=&quot;500&quot; height=&quot;375&quot; /&gt;&lt;br /&gt;
When connecting your stacks make sure to maintain the same spacing as you did between your LEDS 5           1           1           4               2013-04-29 19:59:00.457 4                    2013-04-29 19:59:00.457
673         530         &lt;iframe width=&quot;200&quot; height=&quot;200&quot; src=&quot;http://www.youtube.com/embed/g1rB__IMVPw&quot; frameborder=&quot;0&quot;&gt;&lt;/iframe&gt;&lt;br /&gt;
DO NOT GET FRUSTRATED!&lt;br /&gt;
I must have&amp;nbsp;dissembled&amp;nbsp;and&amp; 3           1           1           4               2013-04-29 20:04:08.950 4                    2013-04-29 20:04:08.950
640         531         &lt;img alt=&quot;&quot; src=&quot;/dotnetnuke/Portals/2/Images/3D%20Cube/Friends%20Cube.JPG&quot; style=&quot;width: 200px; height: 150px;&quot; width=&quot;200&quot; height=&quot;150&quot; /&gt;&lt;br /&gt;
My friend created an 8x8x8 blue LED cube using 2           1           1           4               2013-04-29 20:16:02.780 4                    2013-04-29 20:16:02.780
620         532         &lt;center&gt;
&lt;table&gt;
    &lt;tbody&gt;
        &lt;tr&gt;
            &lt;td align=&quot;center&quot;&gt;Decimal&lt;/td&gt;
            &lt;td rowspan=&quot;9&quot;&gt;&amp;nbsp;&amp;nbsp;&lt;/td&gt;
            &lt;td colspan=&quot;3&quot; a 11          1           1           4               2013-04-29 20:18:54.733 4                    2013-04-29 20:18:54.733
622         533         Once your cube is completed you will have to control it in some way. The cube will have 64 different columns each with their own wire. Since you have eight layers with three colors on each you will also have 24 different wires coming off the layers. That i 6           1           1           4               2013-04-29 20:20:40.447 4                    2013-04-29 20:20:40.447
669         537         &lt;img alt=&quot;&quot; src=&quot;/dotnetnuke/Portals/2/Images/3D%20Cube/Board%20Wires%202.JPG&quot; width=&quot;500&quot; height=&quot;375&quot; /&gt;&lt;br /&gt;
The image above shows my&amp;nbsp;twenty four&amp;nbsp;layer wires passing off to the left 3           1           1           4               2013-04-29 20:37:02.310 4                    2013-04-29 20:37:02.310
606         539         &lt;img alt=&quot;&quot; src=&quot;/dotnetnuke/Portals/2/Images/3D%20Cube/ProtoBoardFrontArduino.JPG&quot; width=&quot;400&quot; height=&quot;300&quot; /&gt;&lt;br /&gt;
Above is an image of the&amp;nbsp;prototype&amp;nbsp;board I created to interface wit 3           1           1           4               2013-05-01 12:34:43.933 4                    2013-05-01 12:34:43.933
593         544         &lt;img alt=&quot;&quot; src=&quot;/dotnetnuke/Portals/2/Images/3D%20Cube/ProtoBoardFront.JPG&quot; style=&quot;width: 400px; height: 300px;&quot; width=&quot;400&quot; height=&quot;300&quot; /&gt;&lt;br /&gt;
Here is an image of the board without the Ard 6           1           1           4               2013-05-01 13:28:20.977 4                    2013-05-01 13:28:20.977
677         546         &lt;ul&gt;
    &lt;li&gt;Yellow - Carries the Y Axis Control Signal which is decoded through the&amp;nbsp;controller&amp;nbsp;chip and used to determine which of the eight decoder chips is active.&lt;/li&gt;
&lt;/ul&gt;
&lt;br /&gt;
&lt;ul&gt;
    &lt 1           1           1           4               2013-05-01 13:40:24.900 4                    2013-05-01 13:40:24.900
593         547         &lt;img alt=&quot;&quot; src=&quot;/dotnetnuke/Portals/2/Images/3D%20Cube/ProtoBoardFront.JPG&quot; style=&quot;width: 400px; height: 300px;&quot; width=&quot;400&quot; height=&quot;300&quot; /&gt;&lt;br /&gt;
Here is an image of the board without the Ard 7           1           1           4               2013-05-01 13:42:02.320 4                    2013-05-01 13:42:02.320
676         550         &lt;span style=&quot;text-decoration: underline;&quot;&gt;Cube's X Axis&lt;/span&gt;&lt;br /&gt;
You may remember that the cube can only display the LEDs in one column at a time.&amp;nbsp;Well keeping that in mind you will notice that there are nine decod 4           1           1           4               2013-05-01 13:46:20.380 4                    2013-05-01 13:46:20.380
676         552         &lt;span style=&quot;text-decoration: underline;&quot;&gt;Cube's X Axis&lt;/span&gt;&lt;br /&gt;
The yellow wires on this board carry the X Axis Control Signal. The chip with all the yellow wires coming out of it is the control chip.&amp;nbsp;It receives  5           1           1           4               2013-05-01 13:51:02.403 4                    2013-05-01 13:51:02.403
676         553         &lt;span style=&quot;text-decoration: underline;&quot;&gt;Cube's X Axis&lt;/span&gt;&lt;br /&gt;
The yellow wires on this board carry the X Axis Control Signal. The decoder chip with all the yellow wires coming out of it is the control chip which receives 6           1           1           4               2013-05-01 15:14:12.837 4                    2013-05-01 15:14:12.837
592         554         By now you should understand the basics of how the 3 to 8 Decoder chip works. I used this basic understanding to design the circuit in the schematic on this page. I used eight chips one for each stack of columns in the Cube.&amp;nbsp;&lt;br /&gt;
&lt;br / 9           1           1           4               2013-05-01 15:20:16.330 4                    2013-05-01 15:20:16.330
675         555         &lt;a href=&quot;http://www.codestudiocreation.com/dotnetnuke/Portals/2/Images/3D%20Cube/BreadBoardTestOneColor.jpg&quot; target=&quot;_blank&quot; style=&quot;color: #dd0000; text-decoration: underline;&quot;&gt;&lt;img alt=&quot;&quot; src=&quot;http://w 3           1           1           4               2013-05-01 15:26:12.037 4                    2013-05-01 15:26:12.037
675         556         &lt;a href=&quot;http://www.codestudiocreation.com/dotnetnuke/Portals/2/Images/3D%20Cube/BreadBoardTestOneColor.jpg&quot; target=&quot;_blank&quot; style=&quot;color: #dd0000; text-decoration: underline;&quot;&gt;&lt;img alt=&quot;&quot; src=&quot;http://w 4           1           1           4               2013-05-01 17:12:18.300 4                    2013-05-01 17:12:18.300
605         557         &lt;img alt=&quot;&quot; src=&quot;/dotnetnuke/Portals/2/Images/3D%20Cube/ProtoBoardBack.JPG&quot; /&gt;&lt;br /&gt;
This is an image of the back of the board before I soldered the cube wires to it. The first thing that you might notice is the two pairs o 4           1           1           4               2013-05-01 17:16:52.930 4                    2013-05-01 17:16:52.930
605         558         &lt;img alt=&quot;&quot; src=&quot;/dotnetnuke/Portals/2/Images/3D%20Cube/ProtoBoardBack.JPG&quot; width=&quot;400&quot; height=&quot;300&quot; /&gt;&lt;br /&gt;
This is an image of the back of the board before I soldered the cube wires to it. The first t 5           1           1           4               2013-05-01 17:17:25.137 4                    2013-05-01 17:17:25.137
606         559         &lt;a href=&quot;http://www.codestudiocreation.com/dotnetnuke/Portals/2/Images/3D%20Cube/BreadBoardTestOneColor.jpg&quot; target=&quot;_blank&quot;&gt;&lt;img alt=&quot;&quot; src=&quot;/dotnetnuke/Portals/2/Images/3D%20Cube/ProtoBoardFrontArduino.JPG&quot 4           1           1           4               2013-05-01 17:19:48.063 4                    2013-05-01 17:19:48.063
593         560         &lt;a href=&quot;http://www.codestudiocreation.com/dotnetnuke/Portals/2/Images/3D%20Cube/BreadBoardTestOneColor.jpg&quot; target=&quot;_blank&quot;&gt;&lt;img alt=&quot;&quot; src=&quot;/dotnetnuke/Portals/2/Images/3D%20Cube/ProtoBoardFront.JPG&quot; style 8           1           1           4               2013-05-01 17:20:24.347 4                    2013-05-01 17:20:24.347
605         561         &lt;a href=&quot;http://www.codestudiocreation.com/dotnetnuke/Portals/2/Images/3D%20Cube/ProtoBoardBack.JPG&quot; target=&quot;_blank&quot;&gt;&lt;img alt=&quot;&quot; src=&quot;/dotnetnuke/Portals/2/Images/3D%20Cube/ProtoBoardBack.JPG&quot; width=&quot;40 6           1           1           4               2013-05-01 17:21:21.733 4                    2013-05-01 17:21:21.733
593         562         &lt;a href=&quot;http://www.codestudiocreation.com/dotnetnuke/Portals/2/Images/3D%20Cube/ProtoBoardFront.JPG&quot; target=&quot;_blank&quot;&gt;&lt;img alt=&quot;&quot; src=&quot;/dotnetnuke/Portals/2/Images/3D%20Cube/ProtoBoardFront.JPG&quot; style=&quot; 9           1           1           4               2013-05-01 17:21:57.280 4                    2013-05-01 17:21:57.280
606         563         &lt;a href=&quot;http://www.codestudiocreation.com/dotnetnuke/Portals/2/Images/3D%20Cube/ProtoBoardFrontArduino.JPG&quot; target=&quot;_blank&quot;&gt;&lt;img alt=&quot;&quot; src=&quot;/dotnetnuke/Portals/2/Images/3D%20Cube/ProtoBoardFrontArduino.JPG&quot 5           1           1           4               2013-05-01 17:22:25.137 4                    2013-05-01 17:22:25.137
606         564         &lt;a href=&quot;http://www.codestudiocreation.com/dotnetnuke/Portals/2/Images/3D%20Cube/ProtoBoardFrontArduino.JPG&quot; target=&quot;_blank&quot;&gt;&lt;img alt=&quot;&quot; src=&quot;/dotnetnuke/Portals/2/Images/3D%20Cube/ProtoBoardFrontArduino.JPG&quot 6           1           1           4               2013-05-01 17:26:49.717 4                    2013-05-01 17:26:49.717
606         565         &lt;a href=&quot;http://www.codestudiocreation.com/dotnetnuke/Portals/2/Images/3D%20Cube/ProtoBoardFrontArduino.JPG&quot; target=&quot;_blank&quot;&gt;&lt;img alt=&quot;&quot; src=&quot;/dotnetnuke/Portals/2/Images/3D%20Cube/ProtoBoardFrontArduino.JPG&quot 7           1           1           4               2013-05-01 17:27:18.170 4                    2013-05-01 17:27:18.170
593         566         &lt;a href=&quot;http://www.codestudiocreation.com/dotnetnuke/Portals/2/Images/3D%20Cube/ProtoBoardFront.JPG&quot; target=&quot;_blank&quot;&gt;&lt;img alt=&quot;&quot; src=&quot;/dotnetnuke/Portals/2/Images/3D%20Cube/ProtoBoardFront.JPG&quot; style=&quot; 10          1           1           4               2013-05-01 17:27:43.407 4                    2013-05-01 17:27:43.407
605         567         &lt;a href=&quot;http://www.codestudiocreation.com/dotnetnuke/Portals/2/Images/3D%20Cube/ProtoBoardBack.JPG&quot; target=&quot;_blank&quot;&gt;&lt;img alt=&quot;&quot; src=&quot;/dotnetnuke/Portals/2/Images/3D%20Cube/ProtoBoardBack.JPG&quot; width=&quot;40 7           1           1           4               2013-05-01 17:28:07.483 4                    2013-05-01 17:28:07.483
675         568         &lt;a href=&quot;http://www.codestudiocreation.com/dotnetnuke/Portals/2/Images/3D%20Cube/BreadBoardTestOneColor.jpg&quot; target=&quot;_blank&quot; style=&quot;color: #dd0000; text-decoration: underline;&quot;&gt;&lt;img alt=&quot;&quot; src=&quot;http://w 5           1           1           4               2013-05-01 17:29:48.317 4                    2013-05-01 17:29:48.317
597         569         Warning - Even with all the detail I included on this website this is a&amp;nbsp;moderately&amp;nbsp;hard electronics project. To avoid&amp;nbsp;unnecessary&amp;nbsp;frustration, you should have a basic understanding of electronics before you attempts this 6           1           1           4               2013-05-01 17:40:42.470 4                    2013-05-01 17:40:42.470
597         570         Warning - Even with all the detail I included on this website this is a&amp;nbsp;moderately&amp;nbsp;hard electronics project. To avoid&amp;nbsp;unnecessary&amp;nbsp;frustration, you should have a basic understanding of electronics before you attempts this 7           1           1           4               2013-05-01 19:58:10.593 4                    2013-05-01 19:58:10.593
637         571         Put your first row in your jig to hold it steady.&amp;nbsp;Then place a second row on top with the red, green and blue wires coming out of the same ends as the row&amp;nbsp;beneath. Make sure that the common wires from the first row pass between the approp 6           1           1           4               2013-05-01 20:01:48.360 4                    2013-05-01 20:01:48.360
676         572         &lt;span style=&quot;text-decoration: underline;&quot;&gt;&lt;img alt=&quot;&quot; src=&quot;/dotnetnuke/Portals/2/Images/3D%20Cube/Finished%20Board.JPG&quot; width=&quot;200&quot; height=&quot;141&quot; /&gt;&lt;br /&gt;
&lt;/span&gt;Finished Board with& 7           1           1           4               2013-05-01 20:11:05.600 4                    2013-05-01 20:11:05.600
676         573         &lt;span style=&quot;text-decoration: underline;&quot;&gt;Cube's X Axis&lt;/span&gt;&lt;br /&gt;
The yellow wires on this board carry the X Axis Control Signal. The decoder chip with all the yellow wires coming out of it is the control chip which receives 8           1           1           4               2013-05-01 20:11:41.760 4                    2013-05-01 20:11:41.760
678         574         &lt;span style=&quot;text-decoration: underline;&quot;&gt;&lt;img alt=&quot;&quot; src=&quot;http://www.codestudiocreation.com/dotnetnuke/Portals/2/Images/3D%20Cube/Finished%20Board.JPG&quot; width=&quot;200&quot; height=&quot;141&quot; /&gt;&lt;br /&gt;
 1           1           1           4               2013-05-01 20:13:10.207 4                    2013-05-01 20:13:10.207
675         575         No two prototype circuits are exactly alike and you should feel completely comfortable with yours before you even begin to decide how to place parts and solder things down.&lt;br /&gt;
&lt;br /&gt;
&lt;a href=&quot;http://www.codestudiocreation.com/dotne 6           1           1           4               2013-05-01 20:19:34.793 4                    2013-05-01 20:19:34.793
605         576         &lt;a href=&quot;http://www.codestudiocreation.com/dotnetnuke/Portals/2/Images/3D%20Cube/ProtoBoardBack.JPG&quot; target=&quot;_blank&quot;&gt;&lt;img alt=&quot;&quot; src=&quot;/dotnetnuke/Portals/2/Images/3D%20Cube/ProtoBoardBack.JPG&quot; width=&quot;40 8           1           1           4               2013-05-01 20:21:31.863 4                    2013-05-01 20:21:31.863
675         577         No two prototype circuits are exactly alike and you should feel completely comfortable with yours before you even begin to decide how to place parts and solder things down.&lt;br /&gt;
&lt;br /&gt;
&lt;a href=&quot;http://www.codestudiocreation.com/dotne 7           1           1           4               2013-05-01 20:26:24.947 4                    2013-05-01 20:26:24.947
587         582         There are many different ways to design a 3D cube but I chose a Column Layer method. Think of the cube as a building. If the cube were a building the eight horizontal layers would be the floors. A building also needs columns to hold it up. The cube has a b 5           1           1           4               2013-05-01 20:52:22.667 4                    2013-05-01 20:52:22.667
622         583         Once your cube is completed you will have to control it in some way. The cube will have 64 different columns each with their own wire. Since you have eight layers with three colors on each you will also have 24 different wires coming off the layers. That i 7           1           1           4               2013-05-01 20:55:44.707 4                    2013-05-01 20:55:44.707
578         625         &lt;table cellspacing=&quot;25px&quot;&gt;
    &lt;tbody&gt;
        &lt;tr&gt;
            &lt;td&gt;
            &lt;div style=&quot;text-align: center;&quot;&gt;&lt;br /&gt;
            &lt;br /&gt;
            &lt;span style=&quot;font-size: 16px 13          1           1           4               2013-07-01 11:12:50.150 4                    2013-07-01 11:12:50.150
578         626         &lt;table&gt;
    &lt;tbody&gt;
        &lt;tr&gt;
            &lt;td&gt;
            &lt;div style=&quot;text-align: center;&quot;&gt;&lt;br /&gt;
            &lt;br /&gt;
            &lt;span style=&quot;font-size: 16px;&quot;&gt;&lt;strong&gt;Home 14          1           1           4               2013-07-01 11:13:34.083 4                    2013-07-01 11:13:34.083
578         627         &lt;table&gt;
    &lt;tbody&gt;
        &lt;tr&gt;
            &lt;td&gt;
            &lt;div style=&quot;text-align: center;&quot;&gt;&lt;br /&gt;
            &lt;br /&gt;
            &lt;span style=&quot;font-size: 16px;&quot;&gt;&lt;strong&gt;Home 15          1           1           4               2013-07-01 11:17:22.280 4                    2013-07-01 11:17:22.280
578         628         &lt;table&gt;
    &lt;tbody&gt;
        &lt;tr&gt;
            &lt;td valign=&quot;top&quot;&gt;
            &lt;div style=&quot;text-align: center;&quot;&gt;&lt;br /&gt;
            &lt;br /&gt;
            &lt;span style=&quot;font-size: 16px;&quot 16          1           1           4               2013-07-01 11:19:26.260 4                    2013-07-01 11:19:26.260
578         648         &lt;table&gt;
    &lt;tbody&gt;
        &lt;tr&gt;
            &lt;td valign=&quot;top&quot;&gt;
            &lt;div style=&quot;text-align: center;&quot;&gt;&lt;br /&gt;
            &lt;br /&gt;
            &lt;span style=&quot;font-size: 16px;&quot 17          1           1           4               2013-07-18 07:05:58.370 4                    2013-07-18 07:05:58.370

(196 row(s) affected)

